[    0.000000] Initializing cgroup subsys cpuset
[    0.000000] Initializing cgroup subsys cpu
[    0.000000] Initializing cgroup subsys cpuacct
[    0.000000] Linux version 4.4.0-210-generic (buildd@lgw01-amd64-009) (gcc version 5.4.0 20160609 (Ubuntu 5.4.0-6ubuntu1~16.04.12) ) #242-Ubuntu SMP Fri Apr 16 09:57:56 UTC 2021 (Ubuntu 4.4.0-210.242-generic 4.4.262)
[    0.000000] Command line: BOOT_IMAGE=/boot/vmlinuz-4.4.0-210-generic root=LABEL=cloudimg-rootfs ro console=tty1 console=ttyS0
[    0.000000] KERNEL supported cpus:
[    0.000000]   Intel GenuineIntel
[    0.000000]   AMD AuthenticAMD
[    0.000000]   Centaur CentaurHauls
[    0.000000] x86/fpu: xstate_offset[2]:  576, xstate_sizes[2]:  256
[    0.000000] x86/fpu: Supporting XSAVE feature 0x01: 'x87 floating point registers'
[    0.000000] x86/fpu: Supporting XSAVE feature 0x02: 'SSE registers'
[    0.000000] x86/fpu: Supporting XSAVE feature 0x04: 'AVX registers'
[    0.000000] x86/fpu: Enabled xstate features 0x7, context size is 832 bytes, using 'standard' format.
[    0.000000] e820: BIOS-provided physical RAM map:
[    0.000000] BIOS-e820: [mem 0x0000000000000000-0x000000000009fbff] usable
[    0.000000] BIOS-e820: [mem 0x000000000009fc00-0x000000000009ffff] reserved
[    0.000000] BIOS-e820: [mem 0x00000000000f0000-0x00000000000fffff] reserved
[    0.000000] BIOS-e820: [mem 0x0000000000100000-0x000000007ffeffff] usable
[    0.000000] BIOS-e820: [mem 0x000000007fff0000-0x000000007fffffff] ACPI data
[    0.000000] BIOS-e820: [mem 0x00000000fec00000-0x00000000fec00fff] reserved
[    0.000000] BIOS-e820: [mem 0x00000000fee00000-0x00000000fee00fff] reserved
[    0.000000] BIOS-e820: [mem 0x00000000fffc0000-0x00000000ffffffff] reserved
[    0.000000] NX (Execute Disable) protection: active
[    0.000000] SMBIOS 2.5 present.
[    0.000000] Hypervisor detected: KVM
[    0.000000] Kernel/User page tables isolation: disabled
[    0.000000] e820: last_pfn = 0x7fff0 max_arch_pfn = 0x400000000
[    0.000000] MTRR: Disabled
[    0.000000] x86/PAT: MTRRs disabled, skipping PAT initialization too.
[    0.000000] CPU MTRRs all blank - virtualized system.
[    0.000000] x86/PAT: Configuration [0-7]: WB  WT  UC- UC  WB  WT  UC- UC  
[    0.000000] found SMP MP-table at [mem 0x0009fff0-0x0009ffff] mapped at [ffff88000009fff0]
[    0.000000] Scanning 1 areas for low memory corruption
[    0.000000] RAMDISK: [mem 0x362dc000-0x37165fff]
[    0.000000] ACPI: Early table checksum verification disabled
[    0.000000] ACPI: RSDP 0x00000000000E0000 000024 (v02 VBOX  )
[    0.000000] ACPI: XSDT 0x000000007FFF0030 00003C (v01 VBOX   VBOXXSDT 00000001 ASL  00000061)
[    0.000000] ACPI: FACP 0x000000007FFF00F0 0000F4 (v04 VBOX   VBOXFACP 00000001 ASL  00000061)
[    0.000000] ACPI: DSDT 0x000000007FFF0470 0022EA (v02 VBOX   VBOXBIOS 00000002 INTL 20100528)
[    0.000000] ACPI: FACS 0x000000007FFF0200 000040
[    0.000000] ACPI: FACS 0x000000007FFF0200 000040
[    0.000000] ACPI: APIC 0x000000007FFF0240 00005C (v02 VBOX   VBOXAPIC 00000001 ASL  00000061)
[    0.000000] ACPI: SSDT 0x000000007FFF02A0 0001CC (v01 VBOX   VBOXCPUT 00000002 INTL 20100528)
[    0.000000] No NUMA configuration found
[    0.000000] Faking a node at [mem 0x0000000000000000-0x000000007ffeffff]
[    0.000000] NODE_DATA(0) allocated [mem 0x7ffeb000-0x7ffeffff]
[    0.000000] kvm-clock: Using msrs 4b564d01 and 4b564d00
[    0.000000] kvm-clock: cpu 0, msr 0:7ffe3001, primary cpu clock
[    0.000000] kvm-clock: using sched offset of 4485465865 cycles
[    0.000000] clocksource: kvm-clock: mask: 0xffffffffffffffff max_cycles: 0x1cd42e4dffb, max_idle_ns: 881590591483 ns
[    0.000000] Zone ranges:
[    0.000000]   DMA      [mem 0x0000000000001000-0x0000000000ffffff]
[    0.000000]   DMA32    [mem 0x0000000001000000-0x000000007ffeffff]
[    0.000000]   Normal   empty
[    0.000000]   Device   empty
[    0.000000] Movable zone start for each node
[    0.000000] Early memory node ranges
[    0.000000]   node   0: [mem 0x0000000000001000-0x000000000009efff]
[    0.000000]   node   0: [mem 0x0000000000100000-0x000000007ffeffff]
[    0.000000] Initmem setup node 0 [mem 0x0000000000001000-0x000000007ffeffff]
[    0.000000] ACPI: PM-Timer IO Port: 0x4008
[    0.000000] IOAPIC[0]: apic_id 2, version 32, address 0xfec00000, GSI 0-23
[    0.000000] ACPI: INT_SRC_OVR (bus 0 bus_irq 0 global_irq 2 dfl dfl)
[    0.000000] ACPI: INT_SRC_OVR (bus 0 bus_irq 9 global_irq 9 low level)
[    0.000000] Using ACPI (MADT) for SMP configuration information
[    0.000000] smpboot: Allowing 2 CPUs, 0 hotplug CPUs
[    0.000000] PM: Registered nosave memory: [mem 0x00000000-0x00000fff]
[    0.000000] PM: Registered nosave memory: [mem 0x0009f000-0x0009ffff]
[    0.000000] PM: Registered nosave memory: [mem 0x000a0000-0x000effff]
[    0.000000] PM: Registered nosave memory: [mem 0x000f0000-0x000fffff]
[    0.000000] e820: [mem 0x80000000-0xfebfffff] available for PCI devices
[    0.000000] Booting paravirtualized kernel on KVM
[    0.000000] clocksource: refined-jiffies: mask: 0xffffffff max_cycles: 0xffffffff, max_idle_ns: 7645519600211568 ns
[    0.000000] setup_percpu: NR_CPUS:512 nr_cpumask_bits:512 nr_cpu_ids:2 nr_node_ids:1
[    0.000000] PERCPU: Embedded 33 pages/cpu @ffff88007fc00000 s95192 r8192 d31784 u1048576
[    0.000000] Built 1 zonelists in Node order, mobility grouping on.  Total pages: 515960
[    0.000000] Policy zone: DMA32
[    0.000000] Kernel command line: BOOT_IMAGE=/boot/vmlinuz-4.4.0-210-generic root=LABEL=cloudimg-rootfs ro console=tty1 console=ttyS0
[    0.000000] PID hash table entries: 4096 (order: 3, 32768 bytes)
[    0.000000] Memory: 2029984K/2096696K available (8644K kernel code, 1332K rwdata, 4044K rodata, 1492K init, 1164K bss, 66712K reserved, 0K cma-reserved)
[    0.000000] SLUB: HWalign=64, Order=0-3, MinObjects=0, CPUs=2, Nodes=1
[    0.000000] Hierarchical RCU implementation.
[    0.000000] 	Build-time adjustment of leaf fanout to 64.
[    0.000000] 	RCU restricting CPUs from NR_CPUS=512 to nr_cpu_ids=2.
[    0.000000] RCU: Adjusting geometry for rcu_fanout_leaf=64, nr_cpu_ids=2
[    0.000000] NR_IRQS:33024 nr_irqs:440 16
[    0.000000] Console: colour VGA+ 80x25
[    0.000000] console [tty1] enabled
[    0.000000] console [ttyS0] enabled
[    0.000000] tsc: Detected 2304.000 MHz processor
[    0.381658] Calibrating delay loop (skipped) preset value.. 4608.00 BogoMIPS (lpj=9216000)
[    0.384458] pid_max: default: 32768 minimum: 301
[    0.385839] ACPI: Core revision 20150930
[    0.388352] ACPI: 2 ACPI AML tables successfully acquired and loaded
[    0.390452] Security Framework initialized
[    0.391941] Yama: becoming mindful.
[    0.393175] AppArmor: AppArmor initialized
[    0.403130] Dentry cache hash table entries: 262144 (order: 9, 2097152 bytes)
[    0.407209] Inode-cache hash table entries: 131072 (order: 8, 1048576 bytes)
[    0.409481] Mount-cache hash table entries: 4096 (order: 3, 32768 bytes)
[    0.411579] Mountpoint-cache hash table entries: 4096 (order: 3, 32768 bytes)
[    0.420311] Initializing cgroup subsys io
[    0.422219] Initializing cgroup subsys memory
[    0.423675] Initializing cgroup subsys devices
[    0.424938] Initializing cgroup subsys freezer
[    0.426319] Initializing cgroup subsys net_cls
[    0.427547] Initializing cgroup subsys perf_event
[    0.428796] Initializing cgroup subsys net_prio
[    0.430113] Initializing cgroup subsys hugetlb
[    0.431328] Initializing cgroup subsys pids
[    0.434814] mce: CPU supports 0 MCE banks
[    0.435970] Last level iTLB entries: 4KB 64, 2MB 8, 4MB 8
[    0.437344] Last level dTLB entries: 4KB 64, 2MB 0, 4MB 0, 1GB 4
[    0.439154] Spectre V1 : Mitigation: usercopy/swapgs barriers and __user pointer sanitization
[    0.442153] Spectre V2 : Mitigation: Enhanced IBRS
[    0.444937] Spectre V2 : Spectre v2 / SpectreRSB mitigation: Filling RSB on context switch
[    0.448522] Speculative Store Bypass: Vulnerable
[    0.450066] TAA: Mitigation: TSX disabled
[    0.451488] SRBDS: Mitigation: TSX disabled
[    0.457777] Freeing SMP alternatives memory: 36K
[    0.472604] ftrace: allocating 32380 entries in 127 pages
[    0.578133] smpboot: APIC(0) Converting physical 0 to logical package 0
[    0.580750] smpboot: Max logical packages: 1
[    0.583334] x2apic enabled
[    0.585309] Switched APIC routing to physical x2apic.
[    0.590023] ..TIMER: vector=0x30 apic1=0 pin1=2 apic2=-1 pin2=-1
[    0.700281] smpboot: CPU0: Intel(R) Core(TM) i7-10610U CPU @ 1.80GHz (family: 0x6, model: 0x8e, stepping: 0xc)
[    0.704061] Performance Events: unsupported p6 CPU model 142 no PMU driver, software events only.
[    0.723645] KVM setup paravirtual spinlock
[    0.727021] x86: Booting SMP configuration:
[    0.728883] .... node  #0, CPUs:      #1
[    0.730905] kvm-clock: cpu 1, msr 0:7ffe3041, secondary cpu clock
[    0.735304] mce: CPU supports 0 MCE banks
[    0.738258] x86: Booted up 1 node, 2 CPUs
[    0.739850] smpboot: Total of 2 processors activated (9216.00 BogoMIPS)
[    0.742109] devtmpfs: initialized
[    0.747416] evm: security.selinux
[    0.748371] evm: security.SMACK64
[    0.749262] evm: security.SMACK64EXEC
[    0.750205] evm: security.SMACK64TRANSMUTE
[    0.751343] evm: security.SMACK64MMAP
[    0.752261] evm: security.ima
[    0.753079] evm: security.capability
[    0.754312] clocksource: jiffies: mask: 0xffffffff max_cycles: 0xffffffff, max_idle_ns: 7645041785100000 ns
[    0.757039] futex hash table entries: 512 (order: 3, 32768 bytes)
[    0.758782] pinctrl core: initialized pinctrl subsystem
[    0.760126] RTC time: 12:49:35, date: 08/04/22
[    0.761592] NET: Registered protocol family 16
[    0.774266] cpuidle: using governor ladder
[    0.785320] cpuidle: using governor menu
[    0.787317] PCCT header not found.
[    0.789177] ACPI: bus type PCI registered
[    0.790575] acpiphp: ACPI Hot Plug PCI Controller Driver version: 0.5
[    0.792060] PCI: Using configuration type 1 for base access
[    0.806823] ACPI: Added _OSI(Module Device)
[    0.808151] ACPI: Added _OSI(Processor Device)
[    0.810064] ACPI: Added _OSI(3.0 _SCP Extensions)
[    0.812023] ACPI: Added _OSI(Processor Aggregator Device)
[    0.815006] ACPI: Executed 1 blocks of module-level executable AML code
[    0.828575] ACPI: Interpreter enabled
[    0.830490] ACPI: (supports S0 S5)
[    0.832205] ACPI: Using IOAPIC for interrupt routing
[    0.834503] PCI: Using host bridge windows from ACPI; if necessary, use "pci=nocrs" and report a bug
[    0.844235] ACPI: PCI Root Bridge [PCI0] (domain 0000 [bus 00-ff])
[    0.846972] acpi PNP0A03:00: _OSC: OS supports [ASPM ClockPM Segments MSI]
[    0.848790] acpi PNP0A03:00: _OSC: not requesting OS control; OS requires [ExtendedConfig ASPM ClockPM MSI]
[    0.852490] acpi PNP0A03:00: fail to add MMCONFIG information, can't access extended PCI configuration space under this bridge.
[    0.857015] PCI host bridge to bus 0000:00
[    0.858306] pci_bus 0000:00: root bus resource [io  0x0000-0x0cf7 window]
[    0.860774] pci_bus 0000:00: root bus resource [io  0x0d00-0xffff window]
[    0.862786] pci_bus 0000:00: root bus resource [mem 0x000a0000-0x000bffff window]
[    0.865116] pci_bus 0000:00: root bus resource [mem 0x80000000-0xfdffffff window]
[    0.867635] pci_bus 0000:00: root bus resource [bus 00-ff]
[    0.873642] pci 0000:00:01.1: legacy IDE quirk: reg 0x10: [io  0x01f0-0x01f7]
[    0.875217] pci 0000:00:01.1: legacy IDE quirk: reg 0x14: [io  0x03f6]
[    0.876548] pci 0000:00:01.1: legacy IDE quirk: reg 0x18: [io  0x0170-0x0177]
[    0.904190] pci 0000:00:01.1: legacy IDE quirk: reg 0x1c: [io  0x0376]
[    0.947876] pci 0000:00:07.0: quirk: [io  0x4000-0x403f] claimed by PIIX4 ACPI
[    0.952560] pci 0000:00:07.0: quirk: [io  0x4100-0x410f] claimed by PIIX4 SMB
[    0.976639] ACPI: PCI Interrupt Link [LNKA] (IRQs 5 9 10 *11)
[    0.980918] ACPI: PCI Interrupt Link [LNKB] (IRQs 5 9 *10 11)
[    0.984773] ACPI: PCI Interrupt Link [LNKC] (IRQs 5 *9 10 11)
[    0.988747] ACPI: PCI Interrupt Link [LNKD] (IRQs 5 9 10 *11)
[    0.992332] ACPI: Enabled 2 GPEs in block 00 to 07
[    0.995949] vgaarb: setting as boot device: PCI:0000:00:02.0
[    0.997938] vgaarb: device added: PCI:0000:00:02.0,decodes=io+mem,owns=io+mem,locks=none
[    1.000931] vgaarb: loaded
[    1.002237] vgaarb: bridge control possible 0000:00:02.0
[    1.004541] SCSI subsystem initialized
[    1.006220] ACPI: bus type USB registered
[    1.007814] usbcore: registered new interface driver usbfs
[    1.009891] usbcore: registered new interface driver hub
[    1.011929] usbcore: registered new device driver usb
[    1.014241] PCI: Using ACPI for IRQ routing
[    1.016197] NetLabel: Initializing
[    1.017632] NetLabel:  domain hash size = 128
[    1.019320] NetLabel:  protocols = UNLABELED CIPSOv4
[    1.021028] NetLabel:  unlabeled traffic allowed by default
[    1.022889] amd_nb: Cannot enumerate AMD northbridges
[    1.024344] clocksource: Switched to clocksource kvm-clock
[    1.048432] AppArmor: AppArmor Filesystem Enabled
[    1.050464] pnp: PnP ACPI init
[    1.053671] pnp: PnP ACPI: found 3 devices
[    1.071597] clocksource: acpi_pm: mask: 0xffffff max_cycles: 0xffffff, max_idle_ns: 2085701024 ns
[    1.075755] NET: Registered protocol family 2
[    1.078205] TCP established hash table entries: 16384 (order: 5, 131072 bytes)
[    1.082478] TCP bind hash table entries: 16384 (order: 6, 262144 bytes)
[    1.085323] TCP: Hash tables configured (established 16384 bind 16384)
[    1.087256] UDP hash table entries: 1024 (order: 3, 32768 bytes)
[    1.089182] UDP-Lite hash table entries: 1024 (order: 3, 32768 bytes)
[    1.091076] NET: Registered protocol family 1
[    1.092472] pci 0000:00:00.0: Limiting direct PCI/PCI transfers
[    1.094223] pci 0000:00:01.0: Activating ISA DMA hang workarounds
[    1.096216] Unpacking initramfs...
[    1.692289] Freeing initrd memory: 14888K
[    1.694273] clocksource: tsc: mask: 0xffffffffffffffff max_cycles: 0x2135f7c97c8, max_idle_ns: 440795273205 ns
[    1.700073] platform rtc_cmos: registered platform RTC device (no PNP device found)
[    1.703494] Scanning for low memory corruption every 60 seconds
[    1.706914] audit: initializing netlink subsys (disabled)
[    1.708644] audit: type=2000 audit(1659617381.711:1): initialized
[    1.712355] Initialise system trusted keyring
[    1.715123] HugeTLB registered 2 MB page size, pre-allocated 0 pages
[    1.721106] zbud: loaded
[    1.722856] VFS: Disk quotas dquot_6.6.0
[    1.724751] VFS: Dquot-cache hash table entries: 512 (order 0, 4096 bytes)
[    1.728222] squashfs: version 4.0 (2009/01/31) Phillip Lougher
[    1.731482] fuse init (API version 7.23)
[    1.733309] Key type big_key registered
[    1.734840] Allocating IMA MOK and blacklist keyrings.
[    1.739437] Key type asymmetric registered
[    1.741119] Asymmetric key parser 'x509' registered
[    1.743019] Block layer SCSI generic (bsg) driver version 0.4 loaded (major 249)
[    1.745707] io scheduler noop registered
[    1.747310] io scheduler deadline registered (default)
[    1.749294] io scheduler cfq registered
[    1.750796] pci_hotplug: PCI Hot Plug PCI Core version: 0.5
[    1.752633] pciehp: PCI Express Hot Plug Controller Driver version: 0.4
[    1.754859] ACPI: AC Adapter [AC] (off-line)
[    1.756385] input: Power Button as /devices/LNXSYSTM:00/LNXPWRBN:00/input/input0
[    1.759180] ACPI: Power Button [PWRF]
[    1.760765] input: Sleep Button as /devices/LNXSYSTM:00/LNXSLPBN:00/input/input1
[    1.763415] ACPI: Sleep Button [SLPF]
[    1.765083] GHES: HEST is not enabled!
[    1.766266] ACPI: Battery Slot [BAT0] (battery present)
[    1.768343] Serial: 8250/16550 driver, 32 ports, IRQ sharing enabled
[    1.791291] 00:02: ttyS0 at I/O 0x3f8 (irq = 4, base_baud = 115200) is a 16550A
[    1.801020] Linux agpgart interface v0.103
[    1.807343] loop: module loaded
[    1.810515] scsi host0: ata_piix
[    1.813256] scsi host1: ata_piix
[    1.815557] ata1: PATA max UDMA/33 cmd 0x1f0 ctl 0x3f6 bmdma 0xd000 irq 14
[    1.818620] ata2: PATA max UDMA/33 cmd 0x170 ctl 0x376 bmdma 0xd008 irq 15
[    1.821151] libphy: Fixed MDIO Bus: probed
[    1.822940] tun: Universal TUN/TAP device driver, 1.6
[    1.824037] tun: (C) 1999-2004 Max Krasnyansky <maxk@qualcomm.com>
[    1.825452] PPP generic driver version 2.4.2
[    1.826676] ehci_hcd: USB 2.0 'Enhanced' Host Controller (EHCI) Driver
[    1.828769] ehci-pci: EHCI PCI platform driver
[    1.830098] ehci-platform: EHCI generic platform driver
[    1.831876] ohci_hcd: USB 1.1 'Open' Host Controller (OHCI) Driver
[    1.833719] ohci-pci: OHCI PCI platform driver
[    1.835063] ohci-platform: OHCI generic platform driver
[    1.836666] uhci_hcd: USB Universal Host Controller Interface driver
[    1.838757] i8042: PNP: PS/2 Controller [PNP0303:PS2K,PNP0f03:PS2M] at 0x60,0x64 irq 1,12
[    1.841714] serio: i8042 KBD port at 0x60,0x64 irq 1
[    1.843755] serio: i8042 AUX port at 0x60,0x64 irq 12
[    1.845964] mousedev: PS/2 mouse device common for all mice
[    1.848164] input: AT Translated Set 2 keyboard as /devices/platform/i8042/serio0/input/input2
[    1.851500] rtc_cmos rtc_cmos: rtc core: registered rtc_cmos as rtc0
[    1.853409] rtc_cmos rtc_cmos: alarms up to one day, 114 bytes nvram
[    1.855241] i2c /dev entries driver
[    1.856489] device-mapper: uevent: version 1.0.3
[    1.858129] device-mapper: ioctl: 4.34.0-ioctl (2015-10-28) initialised: dm-devel@redhat.com
[    1.860465] ledtrig-cpu: registered to indicate activity on CPUs
[    1.862246] NET: Registered protocol family 10
[    1.863846] NET: Registered protocol family 17
[    1.865237] Key type dns_resolver registered
[    1.867540] registered taskstats version 1
[    1.868556] Loading compiled-in X.509 certificates
[    1.870218] Loaded X.509 cert 'Build time autogenerated kernel key: cf00e047681d67edb2720680708b7d9498083038'
[    1.872867] zswap: loaded using pool lzo/zbud
[    1.877661] Key type trusted registered
[    1.884821] Key type encrypted registered
[    1.886244] AppArmor: AppArmor sha1 policy hashing enabled
[    1.888117] ima: No TPM chip found, activating TPM-bypass!
[    1.890052] ima: Allocated hash algorithm: sha1
[    1.891702] evm: HMAC attrs: 0x1
[    1.893512]   Magic number: 2:372:834
[    1.895023] rtc_cmos rtc_cmos: setting system clock to 2022-08-04 12:49:36 UTC (1659617376)
[    1.897938] BIOS EDD facility v0.16 2004-Jun-25, 0 devices found
[    1.900130] EDD information not available.
[    1.980268] Freeing unused kernel memory: 1492K
[    1.982502] Write protecting the kernel read-only data: 14336k
[    1.986244] Freeing unused kernel memory: 1584K
[    1.988707] Freeing unused kernel memory: 52K
Loading, please wait...
starting version 229
[    2.012679] random: systemd-udevd: uninitialized urandom read (16 bytes read, 3 bits of entropy available)
[    2.014028] random: udevadm: uninitialized urandom read (16 bytes read, 3 bits of entropy available)
[    2.014057] random: udevadm: uninitialized urandom read (16 bytes read, 3 bits of entropy available)
[    2.026413] random: systemd-udevd: uninitialized urandom read (16 bytes read, 3 bits of entropy available)
[    2.026630] random: udevadm: uninitialized urandom read (16 bytes read, 3 bits of entropy available)
[    2.026682] random: udevadm: uninitialized urandom read (16 bytes read, 3 bits of entropy available)
[    2.026922] random: udevadm: uninitialized urandom read (16 bytes read, 3 bits of entropy available)
[    2.026999] random: udevadm: uninitialized urandom read (16 bytes read, 3 bits of entropy available)
[    2.027052] random: udevadm: uninitialized urandom read (16 bytes read, 3 bits of entropy available)
[    2.027103] random: udevadm: uninitialized urandom read (16 bytes read, 3 bits of entropy available)
[    2.107061] e1000: Intel(R) PRO/1000 Network Driver - version 7.3.21-k8-NAPI
[    2.111013] e1000: Copyright (c) 1999-2006 Intel Corporation.
[    2.123816] Fusion MPT base driver 3.04.20
[    2.126900] Copyright (c) 1999-2008 LSI Corporation
[    2.172982] AVX2 version of gcm_enc/dec engaged.
[    2.175422] AES CTR mode by8 optimization enabled
[    2.198343] Fusion MPT SPI Host driver 3.04.20
[    2.336118] input: ImExPS/2 Generic Explorer Mouse as /devices/platform/i8042/serio1/input/input4
[    2.631294] e1000 0000:00:03.0 eth0: (PCI:33MHz:32-bit) 02:be:82:6b:cc:1d
[    2.633385] e1000 0000:00:03.0 eth0: Intel(R) PRO/1000 Network Connection
[    2.636548] mptbase: ioc0: Initiating bringup
[    2.712976] ioc0: LSI53C1030 A0: Capabilities={Initiator}
[    3.512422] scsi host2: ioc0: LSI53C1030 A0, FwRev=00000000h, Ports=1, MaxQ=256, IRQ=20
[    3.793453] scsi 2:0:0:0: Direct-Access     VBOX     HARDDISK         1.0  PQ: 0 ANSI: 5
[    3.799657] scsi target2:0:0: Beginning Domain Validation
[    3.807344] scsi target2:0:0: Domain Validation skipping write tests
[    3.809708] scsi target2:0:0: Ending Domain Validation
[    3.812228] scsi target2:0:0: asynchronous
[    3.815794] scsi 2:0:1:0: Direct-Access     VBOX     HARDDISK         1.0  PQ: 0 ANSI: 5
[    3.819605] scsi target2:0:1: Beginning Domain Validation
[    3.823980] scsi target2:0:1: Domain Validation skipping write tests
[    3.826470] scsi target2:0:1: Ending Domain Validation
[    3.856061] scsi target2:0:1: asynchronous
[    3.877732] sd 2:0:0:0: Attached scsi generic sg0 type 0
[    3.879900] sd 2:0:0:0: [sda] 83886080 512-byte logical blocks: (42.9 GB/40.0 GiB)
[    3.883740] sd 2:0:1:0: [sdb] 20480 512-byte logical blocks: (10.5 MB/10.0 MiB)
[    3.887065] sd 2:0:1:0: Attached scsi generic sg1 type 0
[    3.890543] sd 2:0:0:0: [sda] Write Protect is off
[    3.892561] sd 2:0:1:0: [sdb] Write Protect is off
[    3.895106] sd 2:0:0:0: [sda] Incomplete mode parameter data
[    3.897809] sd 2:0:0:0: [sda] Assuming drive cache: write through
[    3.900406] sd 2:0:1:0: [sdb] Incomplete mode parameter data
[    3.903246] sd 2:0:1:0: [sdb] Assuming drive cache: write through
[    3.910257]  sda: sda1
[    3.913347] sd 2:0:0:0: [sda] Attached SCSI disk
[    3.917322] sd 2:0:1:0: [sdb] Attached SCSI disk
[    4.322493] e1000 0000:00:08.0 eth1: (PCI:33MHz:32-bit) 08:00:27:8c:2b:07
[    4.325253] e1000 0000:00:08.0 eth1: Intel(R) PRO/1000 Network Connection
[    4.330921] e1000 0000:00:08.0 enp0s8: renamed from eth1
[    4.350814] e1000 0000:00:03.0 enp0s3: renamed from eth0
Begin: Loading essential drivers ... [    6.081193] md: linear personality registered for level -1
[    6.086460] md: multipath personality registered for level -4
[    6.091753] md: raid0 personality registered for level 0
[    6.099841] md: raid1 personality registered for level 1
[    6.176542] raid6: sse2x1   gen()  4650 MB/s
[    6.244856] raid6: sse2x1   xor()  3447 MB/s
[    6.312689] raid6: sse2x2   gen()  6559 MB/s
[    6.382383] raid6: sse2x2   xor()  4753 MB/s
[    6.452608] raid6: sse2x4   gen()  7638 MB/s
[    6.520702] raid6: sse2x4   xor()  5520 MB/s
[    6.588443] raid6: avx2x1   gen()  9803 MB/s
[    6.656888] raid6: avx2x2   gen() 13286 MB/s
[    6.725075] raid6: avx2x4   gen() 16518 MB/s
[    6.727804] raid6: using algorithm avx2x4 gen() 16518 MB/s
[    6.730958] raid6: using avx2x2 recovery algorithm
[    6.735760] xor: automatically using best checksumming function:
[    6.776829]    avx       : 10889.000 MB/sec
[    6.780191] async_tx: api initialized (async)
[    6.801270] md: raid6 personality registered for level 6
[    6.803870] md: raid5 personality registered for level 5
[    6.806552] md: raid4 personality registered for level 4
[    6.822794] md: raid10 personality registered for level 10
done.
Begin: Running /scripts/init-premount ... done.
Begin: Mounting root file system ... Begin: Running /scripts/local-top ... done.
Begin: Running /scripts/local-premount ... [    6.882180] Btrfs loaded
Scanning for Btrfs filesystems
done.
Warning: fsck not present, so skipping root file system
[    6.937290] EXT4-fs (sda1): mounted filesystem with ordered data mode. Opts: (null)
done.
Begin: Running /scripts/local-bottom ... done.
Begin: Running /scripts/init-bottom ... done.
[    7.079406] systemd[1]: systemd 229 running in system mode. (+PAM +AUDIT +SELINUX +IMA +APPARMOR +SMACK +SYSVINIT +UTMP +LIBCRYPTSETUP +GCRYPT +GNUTLS +ACL +XZ -LZ4 +SECCOMP +BLKID +ELFUTILS +KMOD -IDN)
[    7.086039] systemd[1]: Detected virtualization oracle.
[    7.087754] systemd[1]: Detected architecture x86-64.

Welcome to [1mUbuntu 16.04.7 LTS[0m!

[    7.093764] systemd[1]: Set hostname to <ubuntu>.
[    7.099244] systemd[1]: Initializing machine ID from random generator.
[    7.101712] systemd[1]: Installed transient /etc/machine-id file.
[    7.302247] systemd[1]: Reached target User and Group Name Lookups.
[[0;32m  OK  [0m] Reached target User and Group Name Lookups.
[    7.305842] systemd[1]: Listening on udev Control Socket.
[[0;32m  OK  [0m] Listening on udev Control Socket.
[    7.308786] systemd[1]: Reached target Encrypted Volumes.
[[0;32m  OK  [0m] Reached target Encrypted Volumes.
[    7.311930] systemd[1]: Created slice System Slice.
[[0;32m  OK  [0m] Created slice System Slice.
[    7.315713] systemd[1]: Created slice system-serial\x2dgetty.slice.
[[0;32m  OK  [0m] Created slice system-serial\x2dgetty.slice.
[    7.319154] systemd[1]: Listening on /dev/initctl Compatibility Named Pipe.
[[0;32m  OK  [0m] Listening on /dev/initctl Compatibility Named Pipe.
[    7.323030] systemd[1]: Listening on Journal Socket.
[[0;32m  OK  [0m] Listening on Journal Socket.
[    7.341025] systemd[1]: Starting Set console keymap...
         Starting Set console keymap...
[    7.353752] systemd[1]: Starting Uncomplicated firewall...
         Starting Uncomplicated firewall...
[    7.359453] systemd[1]: Reached target Swap.
[[0;32m  OK  [0m] Reached target Swap.
[    7.363054] systemd[1]: Listening on LVM2 metadata daemon socket.
[[0;32m  OK  [0m] Listening on LVM2 metadata daemon socket.
[    7.367120] systemd[1]: Listening on Device-mapper event daemon FIFOs.
[[0;32m  OK  [0m] Listening on Device-mapper event daemon FIFOs.
[    7.370823] systemd[1]: Started Trigger resolvconf update for networkd DNS.
[[0;32m  OK  [0m] Started Trigger resolvconf update for networkd DNS.
[    7.375974] systemd[1]: Mounting Debug File System...
         Mounting Debug File System...
[    7.381691] systemd[1]: Starting Load Kernel Modules...
         Starting Load Kernel Modules...
[    7.387676] systemd[1]: Starting Nameserver information manager...
         Starting Nameserver information manager...
[    7.400906] systemd[1]: Listening on Journal Audit Socket.
[[0;32m  OK  [0m] Listening on Journal Audit Socket.
[    7.407833] Loading iSCSI transport class v2.0-870.
[    7.409046] systemd[1]: Listening on Syslog Socket.
[[0;32m  OK  [0m] Listening on Syslog Socket.
[    7.413225] systemd[1]: Starting Monitoring of LVM2 mirrors, snapshots etc. using dmeventd or progress polling...
         Starting Monitoring of LVM2 mirrors... dmeventd or progress polling...
[    7.419541] systemd[1]: Listening on Journal Socket (/dev/log).
[[0;32m  OK  [0m] Listening on Journal Socket (/dev/log).
[    7.424916] systemd[1]: Starting Journal Service...
         Starting Journal Service...
[    7.429178] systemd[1]: Started Forward Password Requests to Wall Directory Watch.
[[0;32m  OK  [0m] Started Forward Password Requests to Wall Directory Watch.
[    7.436260] systemd[1]: Mounting Huge Pages File System...
         Mounting Huge Pages File System...
[    7.447980] systemd[1]: Starting Create list of required static device nodes for the current kernel...
         Starting Create list of required st... nodes for the current kernel...
[    7.463759] systemd[1]: Listening on udev Kernel Socket.
[[0;32m  OK  [0m] Listening on udev Kernel Socket.
[    7.468191] systemd[1]: Reached target System Time Synchronized.
[[0;32m  OK  [0m] Reached target System Time Synchronized.
[    7.472148] systemd[1]: Listening on LVM2 poll daemon socket.
[[0;32m  OK  [[    7.474765] iscsi: registered transport (tcp)
0m] Listening on LVM2 poll daemon socket.
[    7.496570] systemd[1]: Mounting POSIX Message Queue File System...
         Mounting POSIX Message Queue File System...
[    7.504250] systemd[1]: Set up automount Arbitrary Executable File Formats File System Automount Point.
[[0;32m  OK  [0m] Set up automount Arbitrary Executab...ats File System Automount Point.
[    7.513618] systemd[1]: Created slice User and Session Slice.
[[0;32m  OK  [0m] Created slice User and Session Slice.
[    7.518911] systemd[1]: Reached target Slices.
[[0;32m  OK  [0m] Reached target Slices.
[    7.521691] systemd[1]: Listening on fsck to fsckd communication Socket.
[[0;32m  OK  [0m] Listening on fsck to fsckd communication Socket.
[    7.526427] systemd[1]: Starting File System Check on Root Device...
[    7.527304] iscsi: registered transport (iser)
         Starting File System Check on Root Device...
[    7.535547] systemd[1]: Mounted Huge Pages File System.
[[0;32m  OK  [0m] Mounted Huge Pages File System.
[    7.546021] systemd[1]: Mounted POSIX Message Queue File System.
[[0;32m  OK  [0m] Mounted POSIX Message Queue File System.
[    7.549491] systemd[1]: Mounted Debug File System.
[[0;32m  OK  [0m] Mounted Debug File System.
[    7.553381] systemd[1]: Started Journal Service.
[[0;32m  OK  [0m] Started Journal Service.
[[0;32m  OK  [0m] Started Set console keymap.
[[0;32m  OK  [0m] Started Uncomplicated firewall.
[[0;32m  OK  [0m] Started Load Kernel Modules.
[[0;32m  OK  [0m] Started Create list of required sta...ce nodes for the current kernel.
[[0;32m  OK  [0m] Started File System Check on Root Device.
[[0;32m  OK  [0m] Started Nameserver information manager.
[[0;32m  OK  [0m] Started File System Check Daemon to report status.
[[0;32m  OK  [0m] Started LVM2 [    7.655560] random: nonblocking pool is initialized
metadata daemon.
         Starting Remount Root and Kernel File Systems...
[    7.663427] EXT4-fs (sda1): re-mounted. Opts: (null)
         Starting Create Static Device Nodes in /dev...
         Starting Apply Kernel Variables...
         Mounting FUSE Control File System...
[[0;32m  OK  [0m] Mounted FUSE Control File System.
[[0;32m  OK  [0m] Started Remount Root and Kernel File Systems.
         Starting udev Coldplug all Devices...
         Starting Load/Save Random Seed...
         Starting Flush Journal to Persistent Storage...
[[0;32m  OK  [0m] Started Create Static Device Nodes in /dev.
[[0;32m  OK  [0m] Started Apply Kernel Variables.
[[0;32m  OK  [0m] Started Load/Save Random Seed.
         Starting udev Kernel Device Manager...
[[0;32m  OK  [0m] Started Flush Journal to Persistent Storage.
[[0;32m  OK  [0m] Started udev Coldplug all Devices.
[[0;32m  OK  [0m] Started udev Kernel Device Manager.
[[0;32m  OK  [0m] Started Dispatch Password Requests to Console Directory Watch.
[[0;32m  OK  [0m] Started Monitoring of LVM2 mirrors,...ng dmeventd or progress polling.
[[0;32m  OK  [0m] Reached target Local File Systems (Pre).
[[0;32m  OK  [0m] Reached target Local File Systems.
         Starting Set console font and keymap...
         Starting Initial cloud-init job (pre-networking)...
         Starting Create Volatile Files and Directories...
         Starting Commit a transient machine-id on disk...
         Starting LSB: AppArmor initialization...
         Starting Tell Plymouth To Write Out Runtime Data...
[[0;32m  OK  [0m] Started Create Volatile Files and Directories.
[[0;32m  OK  [0m] Started Tell Plymouth To Write Out Runtime Data.
         Starting Update UTMP about System Boot/Shutdown...
[[0;32m  OK  [0m] Found device /dev/ttyS0.
[[0;32m  OK  [0m] Started Commit a transient machine-id on disk.
[[0;32m  OK  [0m] Started Update UTMP about System Boot/Shutdown.
[[0;32m  OK  [0m] Listening on Load/Save RF Kill Switch Status /dev/rfkill Watch.
[    9.912234] cloud-init[498]: Cloud-init v. 21.1-19-gbad84ad4-0ubuntu1~16.04.2 running 'init-local' at Thu, 04 Aug 2022 12:49:44 +0000. Up 9.23 seconds.
[[0;32m  OK  [0m] Started Initial cloud-init job (pre-networking).
[[0;32m  OK  [0m] Started LSB: AppArmor initialization.
         Starting Load AppArmor profiles managed internally by snapd...
[[0;32m  OK  [0m] Reached target Network (Pre).
         Starting Raise network interfaces...
[[0;32m  OK  [0m] Started Load AppArmor profiles managed internally by snapd.
[[0;32m  OK  [0m] Started Set console font and keymap.
[[0;32m  OK  [0m] Created slice system-getty.slice.
[[0;32m  OK  [0m] Started Raise network interfaces.
[[0;32m  OK  [0m] Reached target Network.
         Starting Initial cloud-init job (metadata service crawler)...
[   12.691079] cloud-init[966]: Cloud-init v. 21.1-19-gbad84ad4-0ubuntu1~16.04.2 running 'init' at Thu, 04 Aug 2022 12:49:46 +0000. Up 11.74 seconds.
[   12.701229] cloud-init[966]: ci-info: ++++++++++++++++++++++++++++++++++++++Net device info+++++++++++++++++++++++++++++++++++++++
[   12.709077] cloud-init[966]: ci-info: +--------+-------+----------------------------+---------------+--------+-------------------+
[   12.711460] cloud-init[966]: ci-info: | Device |   Up  |          Address           |      Mask     | Scope  |     Hw-Address    |
[   12.714183] cloud-init[966]: ci-info: +--------+-------+----------------------------+---------------+--------+-------------------+
[   12.717289] cloud-init[966]: ci-info: | enp0s3 |  True |         10.0.2.15          | 255.255.255.0 | global | 02:be:82:6b:cc:1d |
[   12.720411] cloud-init[966]: ci-info: | enp0s3 |  True | fe80::be:82ff:fe6b:cc1d/64 |       .       |  link  | 02:be:82:6b:cc:1d |
[   12.723519] cloud-init[966]: ci-info: | enp0s8 | False |             .              |       .       |   .    | 08:00:27:8c:2b:07 |
[   12.726644] cloud-init[966]: ci-info: |   lo   |  True |         127.0.0.1          |   255.0.0.0   |  host  |         .         |
[   12.729645] cloud-init[966]: ci-info: |   lo   |  True |          ::1/128           |       .       |  host  |         .         |
[   12.740752] cloud-init[966]: ci-info: +--------+-------+----------------------------+---------------+--------+-------------------+
[   12.743413] cloud-init[966]: ci-info: +++++++++++++++++++++++++++Route IPv4 info++++++++++++++++++++++++++++
[   12.745795] cloud-init[966]: ci-info: +-------+-------------+----------+---------------+-----------+-------+
[   12.748237] cloud-init[966]: ci-info: | Route | Destination | Gateway  |    Genmask    | Interface | Flags |
[   12.756670] cloud-init[966]: ci-info: +-------+-------------+----------+---------------+-----------+-------+
[   12.759462] cloud-init[966]: ci-info: |   0   |   0.0.0.0   | 10.0.2.2 |    0.0.0.0    |   enp0s3  |   UG  |
[   12.761678] cloud-init[966]: ci-info: |   1   |   10.0.2.0  | 0.0.0.0  | 255.255.255.0 |   enp0s3  |   U   |
[   12.763447] cloud-init[966]: ci-info: +-------+-------------+----------+---------------+-----------+-------+
[   12.766778] cloud-init[966]: ci-info: +++++++++++++++++++Route IPv6 info+++++++++++++++++++
[   12.768658] cloud-init[966]: ci-info: +-------+-------------+---------+-----------+-------+
[   12.770858] cloud-init[966]: ci-info: | Route | Destination | Gateway | Interface | Flags |
[   12.773082] cloud-init[966]: ci-info: +-------+-------------+---------+-----------+-------+
[   12.775227] cloud-init[966]: ci-info: |   0   |  fe80::/64  |    ::   |   enp0s3  |   U   |
[   12.780920] cloud-init[966]: ci-info: |   3   |   ff00::/8  |    ::   |   enp0s3  |   U   |
[   12.781253] cloud-init[966]: ci-info: +-------+-------------+---------+-----------+-------+
[   12.781945] cloud-init[966]: Generating public/private rsa key pair.
[   12.782961] cloud-init[966]: Your identification has been saved in /etc/ssh/ssh_host_rsa_key.
[   12.783791] cloud-init[966]: Your public key has been saved in /etc/ssh/ssh_host_rsa_key.pub.
[   12.784435] cloud-init[966]: The key fingerprint is:
[   12.785172] cloud-init[966]: SHA256:XHzdaYhKspJNmhUZY5udXaRhpn0riZ9fYvgOVmNyWIc root@ubuntu-xenial
[   12.785859] cloud-init[966]: The key's randomart image is:
[   12.786602] cloud-init[966]: +---[RSA 2048]----+
[   12.787038] cloud-init[966]: |       =o  +.o   |
[   12.788138] cloud-init[966]: |      ..*.B =.o..|
[   12.789053] cloud-init[966]: |       * =o=.E.+.|
[   12.789587] cloud-init[966]: |      B.+.o.= +  |
[   12.790000] cloud-init[966]: |     = oSo = *   |
[   12.790756] cloud-init[966]: |      .   . O .  |
[   12.791299] cloud-init[966]: |           * o . |
[   12.792234] cloud-init[966]: |          . = o  |
[   12.792796] cloud-init[966]: |            .+   |
[   12.793273] cloud-init[966]: +----[SHA256]-----+
[   12.793917] cloud-init[966]: Generating public/private dsa key pair.
[   12.794990] cloud-init[966]: Your identification has been saved in /etc/ssh/ssh_host_dsa_key.
[   12.795512] cloud-init[966]: Your public key has been saved in /etc/ssh/ssh_host_dsa_key.pub.
[   12.795732] cloud-init[966]: The key fingerprint is:
[   12.796129] cloud-init[966]: SHA256:05mDxQOMR+bufDxF3GGlJmiJHFrjsL98wbnCKUOxsBY root@ubuntu-xenial
[   12.796531] cloud-init[966]: The key's randomart image is:
[   12.797021] cloud-init[966]: +---[DSA 1024]----+
[   12.797690] cloud-init[966]: |      .+B     o..|
[   12.798457] cloud-init[966]: |      .Xo* + o o |
[   12.799079] cloud-init[966]: |    E +.= B + +  |
[   12.799735] cloud-init[966]: |     + = * * o   |
[   12.800660] cloud-init[966]: |    o o S O .    |
[   12.801362] cloud-init[966]: |   . . = = =     |
[   12.802036] cloud-init[966]: |      o O *      |
[   12.802544] cloud-init[966]: |       o + .     |
[   12.803130] cloud-init[966]: |                 |
[   12.803634] cloud-init[966]: +----[SHA256]-----+
[   12.804711] cloud-init[966]: Generating public/private ecdsa key pair.
[   12.805430] cloud-init[966]: Your identification has been saved in /etc/ssh/ssh_host_ecdsa_key.
[   12.806160] cloud-init[966]: Your public key has been saved in /etc/ssh/ssh_host_ecdsa_key.pub.
[   12.807031] cloud-init[966]: The key fingerprint is:
[   12.807823] cloud-init[966]: SHA256:VXonXj9HysxVAbrMylCUVDbe10qXDVrwKtFTNo+5f2U root@ubuntu-xenial
[   12.808716] cloud-init[966]: The key's randomart image is:
[   12.809371] cloud-init[966]: +---[ECDSA 256]---+
[   12.810012] cloud-init[966]: |        .oo+ooB.o|
[   12.810768] cloud-init[966]: |        ..o++* *=|
[   12.811496] cloud-init[966]: |         .+o*.BoB|
[   12.812182] cloud-init[966]: |        ..o+.@.O |
[   12.812613] cloud-init[966]: |       .S .+o B.E|
[   12.813639] cloud-init[966]: |        o ..   o+|
[   12.814274] cloud-init[966]: |         o      o|
[   12.815016] cloud-init[966]: |                .|
[   12.815485] cloud-init[966]: |                 |
[   12.816250] cloud-init[966]: +----[SHA256]-----+
[   12.816881] cloud-init[966]: Generating public/private ed25519 key pair.
[   12.817233] cloud-init[966]: Your identification has been saved in /etc/ssh/ssh_host_ed25519_key.
[   12.817683] cloud-init[966]: Your public key has been saved in /etc/ssh/ssh_host_ed25519_key.pub.
[   12.818139] cloud-init[966]: The key fingerprint is:
[   12.818323] cloud-init[966]: SHA256:OKqQTTYuCR9aZok8huQVLich3uX5SrMr2JypCOKVBiA root@ubuntu-xenial
[[0;32m  OK  [0m] Started Initial cloud-init job (metadata service crawler).[   12.818664] cloud-init[966]: The key's randomart image is:

[   12.819649] cloud-init[966]: +--[ED25519 256]--+
[   12.820204] cloud-init[966]: |.. . .           |
[   12.820757] cloud-init[966]: |o + + .          |
[   12.821422] cloud-init[966]: |E= = o           |
[   12.822047] cloud-init[966]: |B.=.  ..         |
[   12.822330] cloud-init[966]: |+*X  oo.S        |
[   12.822931] cloud-init[966]: |o&ooo.+.         |
[   12.823287] cloud-init[966]: |O B++o           |
[   12.853893] cloud-init[966]: |=+oB  .          |
[   12.854478] cloud-init[966]: |.oo ..           |
[   12.854964] cloud-init[966]: +----[SHA256]-----+
[[0;32m  OK  [0m] Reached target Network is Online.
         Starting iSCSI initiator daemon (iscsid)...
[[0;32m  OK  [0m] Reached target System Initialization.
         Starting LXD - unix socket.
[[0;32m  OK  [0m] Listening on ACPID Listen Socket.
[[0;32m  OK  [0m] Started Message of the Day.
         Starting Socket activation for snappy daemon.
[[0;32m  OK  [0m] Started ACPI Events Check.
[[0;32m  OK  [0m] Reached target Paths.
[[0;32m  OK  [0m] Listening on D-Bus System Message Bus Socket.
[[0;32m  OK  [0m] Listening on UUID daemon activation socket.
[[0;32m  OK  [0m] Started Daily apt download activities.
[[0;32m  OK  [0m] Started Daily apt upgrade and clean activities.
[[0;32m  OK  [0m] Started Daily Cleanup of Temporary Directories.
[[0;32m  OK  [0m] Started Ubuntu Advantage update messaging.
[[0;32m  OK  [0m] Reached target Timers.
[[0;32m  OK  [0m] Reached target Cloud-config availability.
[[0;32m  OK  [0m] Listening on LXD - unix socket.
[[0;32m  OK  [0m] Listening on Socket activation for snappy daemon.
[[0;32m  OK  [0m] Reached target Sockets.
[[0;32m  OK  [0m] Reached target Basic System.
[[0;32m  OK  [0m] Started ACPI event daemon.
[[0;32m  OK  [0m] Started FUSE filesystem for LXC.
         Starting LSB: Record successful boot for GRUB...
         Starting LXD - container startup/shutdown...
         Starting /etc/rc.local Compatibility...
         Starting Virtualbox guest utils...
[[0;32m  OK  [0m] Started Regular background program processing daemon.
[[0;32m  OK  [0m] Started Deferred execution scheduler.
         Starting Accounts Service...
         Starting Login Service...
         Starting Snap Daemon...
[[0;32m  OK  [0m] Started D-Bus System Message Bus.
         Starting Pollinate to seed the pseudo random number generator...
         Starting LSB: MD monitoring daemon...
         Starting System Logging Service...
[[0;32m  OK  [0m] Started iSCSI initiator daemon (iscsid).
[[0;32m  OK  [0m] Started /etc/rc.local Compatibility.
[[0;32m  OK  [0m] Started System Logging Service.
         Starting Authenticate and Authorize Users to Run Privileged Tasks...
         Starting Login to default iSCSI targets...
[[0;32m  OK  [0m] Started LXD - container startup/shutdown.
[[0;32m  OK  [0m] Started Login Service.
[[0;32m  OK  [0m] Started LSB: MD monitoring daemon.
[[0;32m  OK  [0m] Started Unattended Upgrades Shutdown.
[[0;32m  OK  [0m] Started LSB: Record successful boot for GRUB.
[[0;32m  OK  [0m] Started Authenticate and Authorize Users to Run Privileged Tasks.
[[0;32m  OK  [0m] Started Accounts Service.
[[0;32m  OK  [0m] Started Login to default iSCSI targets.
[[0;32m  OK  [0m] Reached target Remote File Systems (Pre).
[[0;32m  OK  [0m] Reached target Remote File Systems.
         Starting LSB: daemon to balance interrupts for SMP systems...
         Starting Permit User Sessions...
         Starting LSB: Set the CPU Frequency Scaling governor to "ondemand"...
         Starting LSB: automatic crash report generation...
[[0;32m  OK  [0m] Started Permit User Sessions.
         Starting Hold until boot process finishes up...
         Starting Terminate Plymouth Boot Screen...
[[0;32m  OK  [0m] Started Hold until boot process finishes up.
[[0;32m  OK  [0m] Started Getty on tty1.
[[0;32m  OK  [0m] Started Serial Getty on ttyS0.
[[0;32m  OK  [0m] Reached target Login Prompts.
         Starting Set console scheme...
[[0;32m  OK  [0m] Started Virtualbox guest utils.
[[0;32m  OK  [0m] Started Terminate Plymouth Boot Screen.
[[0;32m  OK  [0m] Started Set console scheme.
[[0;32m  OK  [0m] Started LSB: Set the CPU Frequency Scaling governor to "ondemand".
[[0;32m  OK  [0m] Started LSB: automatic crash report generation.
[[0;32m  OK  [0m] Started LSB: daemon to balance interrupts for SMP systems.
[[0;32m  OK  [0m] Started Snap Daemon.
         Starting Wait until snapd is fully seeded...
[[0;32m  OK  [0m] Started Pollinate to seed the pseudo random number generator.
         Starting OpenBSD Secure Shell server...
[[0;32m  OK  [0m] Started OpenBSD Secure Shell server.
[[0;32m  OK  [0m] Started Wait until snapd is fully seeded.
[[0;32m  OK  [0m] Reached target Multi-User System.
[[0;32m  OK  [0m] Reached target Graphical Interface.
         Starting Update UTMP about System Runlevel Changes...
         Starting Apply the settings specified in cloud-config...
[[0;32m  OK  [0m] Started Update UTMP about System Runlevel Changes.
[   16.627507] cloud-init[1310]: Generating locales (this might take a while)...
[[0;32m  OK  [0m] Created slice User Slice of vagrant.
         Starting User Manager for UID 1000...
[[0;32m  OK  [0m] Started Session 1 of user vagrant.
[[0;32m  OK  [0m] Started User Manager for UID 1000.
[   18.475033] cloud-init[1310]:   en_US.UTF-8... done
[   18.532500] cloud-init[1310]: Generation complete.
[   19.280287] cloud-init[1310]: Cloud-init v. 21.1-19-gbad84ad4-0ubuntu1~16.04.2 running 'modules:config' at Thu, 04 Aug 2022 12:49:51 +0000. Up 16.43 seconds.

Ubuntu 16.04.7 LTS ubuntu-xenial ttyS0

ubuntu-xenial login: ci-info: no authorized SSH keys fingerprints found for user ubuntu.
<14>Aug  4 12:49:55 ec2: 
<14>Aug  4 12:49:55 ec2: #############################################################
<14>Aug  4 12:49:55 ec2: -----BEGIN SSH HOST KEY FINGERPRINTS-----
<14>Aug  4 12:49:55 ec2: 1024 SHA256:05mDxQOMR+bufDxF3GGlJmiJHFrjsL98wbnCKUOxsBY root@ubuntu-xenial (DSA)
<14>Aug  4 12:49:55 ec2: 256 SHA256:VXonXj9HysxVAbrMylCUVDbe10qXDVrwKtFTNo+5f2U root@ubuntu-xenial (ECDSA)
<14>Aug  4 12:49:55 ec2: 256 SHA256:OKqQTTYuCR9aZok8huQVLich3uX5SrMr2JypCOKVBiA root@ubuntu-xenial (ED25519)
<14>Aug  4 12:49:55 ec2: 2048 SHA256:XHzdaYhKspJNmhUZY5udXaRhpn0riZ9fYvgOVmNyWIc root@ubuntu-xenial (RSA)
<14>Aug  4 12:49:55 ec2: -----END SSH HOST KEY FINGERPRINTS-----
<14>Aug  4 12:49:55 ec2: #############################################################
-----BEGIN SSH HOST KEY KEYS-----
ecdsa-sha2-nistp256 AAAAE2VjZHNhLXNoYTItbmlzdHAyNTYAAAAIbmlzdHAyNTYAAABBBG2MBtDwXGPCjowdDLB5POJkGHc8Ane79Am+hKbvfetS8gQeybg9nMgCmjRsT7Yjku0b+h83c+wYnJWSfVFpzNg= root@ubuntu-xenial
ssh-ed25519 AAAAC3NzaC1lZDI1NTE5AAAAILF3EUuMhP9gqnJGdqlpQku3OvCvDbH1srHbCfj2Mvym root@ubuntu-xenial
ssh-rsa AAAAB3NzaC1yc2EAAAADAQABAAABAQD64dRtmSiC8ot6eEZoDcECVwjjY8QkhlsAK9w5X9lJkR+K5NFvXZMhAMugL5+L+7FpI8SkHgXnwWCgewZ5bsbTdAI1otQH0KH89DhYwUoIc0lYWa0O0X4CB53fZXS7NiMSYVzS0os4AKNbsry+PBDqSk4soS1b/kXxYdBwnCkxcz7Tm4JJHzjI9WpdHECf2M/rQllvyh/fnlxdUy08VMqsyZrSKA1WosweOgvm52TzDR6CXaraUnkhrV9PKbqwoLKgZtVXDIgnf5UdEYWHRW6OngRtdcFXtYRQVdkLgBng3YGVkZ7vniSv6LFI1YCUOx+bpht/ab55M4NgTMqGeim5 root@ubuntu-xenial
-----END SSH HOST KEY KEYS-----
[   20.309177] cloud-init[1474]: Cloud-init v. 21.1-19-gbad84ad4-0ubuntu1~16.04.2 running 'modules:final' at Thu, 04 Aug 2022 12:49:55 +0000. Up 20.04 seconds.
[   20.312564] cloud-init[1474]: ci-info: no authorized SSH keys fingerprints found for user ubuntu.
[   20.315014] cloud-init[1474]: Cloud-init v. 21.1-19-gbad84ad4-0ubuntu1~16.04.2 finished at Thu, 04 Aug 2022 12:49:55 +0000. Datasource DataSourceNoCloud [seed=/dev/sdb][dsmode=net].  Up 20.28 seconds
